1779823122: mosquitto version 2.1.2 starting
1779823122: Config loaded from /mosquitto/config/mosquitto.conf.
1779823122: Bridge support available.
1779823122: Persistence support available.
1779823122: TLS support available.
1779823122: TLS-PSK support available.
1779823122: Websockets support available.
1779823122: Opening ipv4 listen socket on port 1883.
1779823122: Opening ipv6 listen socket on port 1883.
1779823122: mosquitto version 2.1.2 running
1779823589: New connection from 192.168.0.44:53861 on port 1883.
1779823589: New client connected from 192.168.0.44:53861 as ESP32_PlantSensor (p4, c1, k15).
1779823589: Client ESP32_PlantSensor [192.168.0.44:53861] disconnected: malformed packet.
1779823589: New connection from 192.168.0.44:53862 on port 1883.
1779823589: New client connected from 192.168.0.44:53862 as ESP32_PlantSensor (p4, c1, k15).
1779823599: Client ESP32_PlantSensor [192.168.0.44:53862] disconnected: malformed packet.
1779823599: New connection from 192.168.0.44:53863 on port 1883.
1779823599: New client connected from 192.168.0.44:53863 as ESP32_PlantSensor (p4, c1, k15).
1779823609: Client ESP32_PlantSensor [192.168.0.44:53863] disconnected: malformed packet.
1779823609: New connection from 192.168.0.44:53864 on port 1883.
1779823609: New client connected from 192.168.0.44:53864 as ESP32_PlantSensor (p4, c1, k15).
1779823619: Client ESP32_PlantSensor [192.168.0.44:53864] disconnected: malformed packet.
1779823619: New connection from 192.168.0.44:53865 on port 1883.
1779823619: New client connected from 192.168.0.44:53865 as ESP32_PlantSensor (p4, c1, k15).
1779823642: Client ESP32_PlantSensor [192.168.0.44:53865] disconnected: exceeded timeout.
1779823945: New connection from ::1:35352 on port 1883.
1779823945: New client connected from ::1:35352 as auto-03F417A8-C2A1-FCBC-E821-802B8660ABDD (p4, c1, k60).
1779824021: New connection from 192.168.0.44:56224 on port 1883.
1779824021: New client connected from 192.168.0.44:56224 as ESP32_PlantSensor (p4, c1, k15).
1779824021: Client ESP32_PlantSensor [192.168.0.44:56224] disconnected: malformed packet.
1779824021: New connection from 192.168.0.44:56225 on port 1883.
1779824021: New client connected from 192.168.0.44:56225 as ESP32_PlantSensor (p4, c1, k15).
1779824031: Client ESP32_PlantSensor [192.168.0.44:56225] disconnected: malformed packet.
1779824031: New connection from 192.168.0.44:56226 on port 1883.
1779824031: New client connected from 192.168.0.44:56226 as ESP32_PlantSensor (p4, c1, k15).
1779824054: Client ESP32_PlantSensor [192.168.0.44:56226] disconnected: exceeded timeout.
1779824216: New connection from 192.168.0.44:55990 on port 1883.
1779824216: New client connected from 192.168.0.44:55990 as ESP32_PlantSensor (p4, c1, k15).
1779824228: Client auto-03F417A8-C2A1-FCBC-E821-802B8660ABDD [::1:35352] disconnected.
1779824265: mosquitto version 2.1.2 terminating
1779824265: Saving in-memory database to /mosquitto/data//mosquitto.db.
1779824273: mosquitto version 2.1.2 starting
1779824273: Config loaded from /mosquitto/config/mosquitto.conf.
1779824273: Bridge support available.
1779824273: Persistence support available.
1779824273: TLS support available.
1779824273: TLS-PSK support available.
1779824273: Websockets support available.
1779824273: Opening ipv4 listen socket on port 1883.
1779824273: Opening ipv6 listen socket on port 1883.
1779824273: mosquitto version 2.1.2 running
1779824278: New connection from 192.168.0.44:55993 on port 1883.
1779824278: New client connected from 192.168.0.44:55993 as ESP32_PlantSensor (p4, c1, k15).
1779824423: Client ESP32_PlantSensor [192.168.0.44:55993] disconnected: exceeded timeout.
1779824445: New connection from 192.168.0.44:65005 on port 1883.
1779824445: New client connected from 192.168.0.44:65005 as ESP32_PlantSensor (p4, c1, k15).
1779824518: Client ESP32_PlantSensor [192.168.0.44:65005] disconnected: exceeded timeout.
1779824545: New connection from ::1:34634 on port 1883.
1779824545: New client connected from ::1:34634 as auto-8A342588-509E-BB60-8155-8C2CBD251F8E (p4, c1, k60).
1779824616: New connection from 192.168.0.44:55659 on port 1883.
1779824616: New client connected from 192.168.0.44:55659 as ESP32_PlantSensor (p4, c1, k15).
1779824663: Client auto-8A342588-509E-BB60-8155-8C2CBD251F8E [::1:34634] disconnected.
1779824667: mosquitto version 2.1.2 terminating
1779824667: Saving in-memory database to /mosquitto/data//mosquitto.db.
1779824672: mosquitto version 2.1.2 starting
1779824672: Config loaded from /mosquitto/config/mosquitto.conf.
1779824672: Bridge support available.
1779824672: Persistence support available.
1779824672: TLS support available.
1779824672: TLS-PSK support available.
1779824672: Websockets support available.
1779824672: Opening ipv4 listen socket on port 1883.
1779824672: Opening ipv6 listen socket on port 1883.
1779824672: mosquitto version 2.1.2 running
1779824672: New connection from 192.168.0.44:55661 on port 1883.
1779824672: New client connected from 192.168.0.44:55661 as ESP32_PlantSensor (p4, c1, k15).
1779824672: No will message specified.
1779824672: Sending CONNACK to ESP32_PlantSensor (0, 0)
1779824676: Received PUBLISH from ESP32_PlantSensor (d0, q0, r0, m0, '/home/plants/sensor1', ... (85 bytes))
1779824686: Received PUBLISH from ESP32_PlantSensor (d0, q0, r0, m0, '/home/plants/sensor1', ... (85 bytes))
1779824687: Received PINGREQ from ESP32_PlantSensor
1779824687: Sending PINGRESP to ESP32_PlantSensor
1779824696: Received PUBLISH from ESP32_PlantSensor (d0, q0, r0, m0, '/home/plants/sensor1', ... (85 bytes))
1779824702: Received PINGREQ from ESP32_PlantSensor
1779824702: Sending PINGRESP to ESP32_PlantSensor
1779824706: Received PUBLISH from ESP32_PlantSensor (d0, q0, r0, m0, '/home/plants/sensor1', ... (85 bytes))
1779824716: Received PUBLISH from ESP32_PlantSensor (d0, q0, r0, m0, '/home/plants/sensor1', ... (85 bytes))
1779824717: Received PINGREQ from ESP32_PlantSensor
1779824717: Sending PINGRESP to ESP32_PlantSensor
1779824726: Received PUBLISH from ESP32_PlantSensor (d0, q0, r0, m0, '/home/plants/sensor1', ... (84 bytes))
1779824732: Received PINGREQ from ESP32_PlantSensor
1779824732: Sending PINGRESP to ESP32_PlantSensor
1779824736: Received PUBLISH from ESP32_PlantSensor (d0, q0, r0, m0, '/home/plants/sensor1', ... (81 bytes))
1779824746: Received PUBLISH from ESP32_PlantSensor (d0, q0, r0, m0, '/home/plants/sensor1', ... (84 bytes))
1779824747: Received PINGREQ from ESP32_PlantSensor
1779824747: Sending PINGRESP to ESP32_PlantSensor
1779824756: Received PUBLISH from ESP32_PlantSensor (d0, q0, r0, m0, '/home/plants/sensor1', ... (80 bytes))
1779824762: Received PINGREQ from ESP32_PlantSensor
1779824762: Sending PINGRESP to ESP32_PlantSensor
1779824766: Received PUBLISH from ESP32_PlantSensor (d0, q0, r0, m0, '/home/plants/sensor1', ... (81 bytes))
1779824776: Received PUBLISH from ESP32_PlantSensor (d0, q0, r0, m0, '/home/plants/sensor1', ... (81 bytes))
1779824777: Received PINGREQ from ESP32_PlantSensor
1779824777: Sending PINGRESP to ESP32_PlantSensor
1779824786: Received PUBLISH from ESP32_PlantSensor (d0, q0, r0, m0, '/home/plants/sensor1', ... (81 bytes))
1779824792: Received PINGREQ from ESP32_PlantSensor
1779824792: Sending PINGRESP to ESP32_PlantSensor
1779824796: Received PUBLISH from ESP32_PlantSensor (d0, q0, r0, m0, '/home/plants/sensor1', ... (81 bytes))
1779824806: Received PUBLISH from ESP32_PlantSensor (d0, q0, r0, m0, '/home/plants/sensor1', ... (81 bytes))
1779824807: Received PINGREQ from ESP32_PlantSensor
1779824807: Sending PINGRESP to ESP32_PlantSensor
1779824816: Received PUBLISH from ESP32_PlantSensor (d0, q0, r0, m0, '/home/plants/sensor1', ... (81 bytes))
1779824822: Received PINGREQ from ESP32_PlantSensor
1779824822: Sending PINGRESP to ESP32_PlantSensor
1779824826: Received PUBLISH from ESP32_PlantSensor (d0, q0, r0, m0, '/home/plants/sensor1', ... (80 bytes))
1779824836: Received PUBLISH from ESP32_PlantSensor (d0, q0, r0, m0, '/home/plants/sensor1', ... (81 bytes))
1779824837: Received PINGREQ from ESP32_PlantSensor
1779824837: Sending PINGRESP to ESP32_PlantSensor
1779824838: mosquitto version 2.1.2 terminating
1779824838: Saving in-memory database to /mosquitto/data//mosquitto.db.
1779824838: mosquitto version 2.1.2 starting
1779824838: Config loaded from /mosquitto/config/mosquitto.conf.
1779824838: Bridge support available.
1779824838: Persistence support available.
1779824838: TLS support available.
1779824838: TLS-PSK support available.
1779824838: Websockets support available.
1779824838: Opening ipv4 listen socket on port 1883.
1779824838: Opening ipv6 listen socket on port 1883.
1779824838: mosquitto version 2.1.2 running
1779824843: New connection from 192.168.0.44:55663 on port 1883.
1779824843: New client connected from 192.168.0.44:55663 as ESP32_PlantSensor (p4, c1, k15).
1779824843: No will message specified.
1779824843: Sending CONNACK to ESP32_PlantSensor (0, 0)
1779824846: Received PUBLISH from ESP32_PlantSensor (d0, q0, r0, m0, '/home/plants/sensor1', ... (81 bytes))
1779824856: Received PUBLISH from ESP32_PlantSensor (d0, q0, r0, m0, '/home/plants/sensor1', ... (81 bytes))
1779824858: Received PINGREQ from ESP32_PlantSensor
1779824858: Sending PINGRESP to ESP32_PlantSensor
1779824864: mosquitto version 2.1.2 terminating
1779824864: Saving in-memory database to /mosquitto/data//mosquitto.db.
1779824868: mosquitto version 2.1.2 starting
1779824868: Config loaded from /mosquitto/config/mosquitto.conf.
1779824868: Bridge support available.
1779824868: Persistence support available.
1779824868: TLS support available.
1779824868: TLS-PSK support available.
1779824868: Websockets support available.
1779824868: Opening ipv4 listen socket on port 1883.
1779824868: Opening ipv6 listen socket on port 1883.
1779824868: mosquitto version 2.1.2 running
1779824869: New connection from 192.168.0.44:55665 on port 1883.
1779824869: New client connected from 192.168.0.44:55665 as ESP32_PlantSensor (p4, c1, k15).
1779824869: No will message specified.
1779824869: Sending CONNACK to ESP32_PlantSensor (0, 0)
1779824869: Received PUBLISH from ESP32_PlantSensor (d0, q0, r0, m0, '/home/plants/sensor1', ... (80 bytes))
1779824874: New connection from ::1:35938 on port 1883.
1779824874: New client connected from ::1:35938 as auto-F17AE542-D1B6-F41C-1098-CA8A43227764 (p4, c1, k60).
1779824874: No will message specified.
1779824874: Sending CONNACK to auto-F17AE542-D1B6-F41C-1098-CA8A43227764 (0, 0)
1779824874: Received PUBLISH from auto-F17AE542-D1B6-F41C-1098-CA8A43227764 (d0, q0, r0, m0, 'home/plants/sensor1', ... (16 bytes))
1779824874: Received DISCONNECT from auto-F17AE542-D1B6-F41C-1098-CA8A43227764
1779824874: Client auto-F17AE542-D1B6-F41C-1098-CA8A43227764 [::1:35938] disconnected.
1779824879: New connection from ::1:49594 on port 1883.
1779824879: New client connected from ::1:49594 as auto-46BDD507-01CD-3E5D-1CD9-067861E9821B (p4, c1, k60).
1779824879: No will message specified.
1779824879: Sending CONNACK to auto-46BDD507-01CD-3E5D-1CD9-067861E9821B (0, 0)
1779824879: Received PUBLISH from auto-46BDD507-01CD-3E5D-1CD9-067861E9821B (d0, q0, r0, m0, 'home/plants/sensor1', ... (17 bytes))
1779824879: Received DISCONNECT from auto-46BDD507-01CD-3E5D-1CD9-067861E9821B
1779824879: Client auto-46BDD507-01CD-3E5D-1CD9-067861E9821B [::1:49594] disconnected.
1779824879: Received PUBLISH from ESP32_PlantSensor (d0, q0, r0, m0, '/home/plants/sensor1', ... (84 bytes))
1779824881: New connection from ::1:49610 on port 1883.
1779824881: New client connected from ::1:49610 as auto-C4255D92-20B0-E94E-93A0-F59405D0AACF (p4, c1, k60).
1779824881: No will message specified.
1779824881: Sending CONNACK to auto-C4255D92-20B0-E94E-93A0-F59405D0AACF (0, 0)
1779824881: Received PUBLISH from auto-C4255D92-20B0-E94E-93A0-F59405D0AACF (d0, q0, r0, m0, 'home/plants/sensor1', ... (16 bytes))
1779824881: Received DISCONNECT from auto-C4255D92-20B0-E94E-93A0-F59405D0AACF
1779824881: Client auto-C4255D92-20B0-E94E-93A0-F59405D0AACF [::1:49610] disconnected.
1779824883: New connection from ::1:49622 on port 1883.
1779824883: New client connected from ::1:49622 as auto-B1820D66-A120-486B-5025-8A0FFF2DD15B (p4, c1, k60).
1779824883: No will message specified.
1779824883: Sending CONNACK to auto-B1820D66-A120-486B-5025-8A0FFF2DD15B (0, 0)
1779824883: Received PUBLISH from auto-B1820D66-A120-486B-5025-8A0FFF2DD15B (d0, q0, r0, m0, 'home/plants/sensor1', ... (16 bytes))
1779824883: Received DISCONNECT from auto-B1820D66-A120-486B-5025-8A0FFF2DD15B
1779824883: Client auto-B1820D66-A120-486B-5025-8A0FFF2DD15B [::1:49622] disconnected.
1779824884: Received PINGREQ from ESP32_PlantSensor
1779824884: Sending PINGRESP to ESP32_PlantSensor
1779824889: Received PUBLISH from ESP32_PlantSensor (d0, q0, r0, m0, '/home/plants/sensor1', ... (85 bytes))
1779824899: Received PUBLISH from ESP32_PlantSensor (d0, q0, r0, m0, '/home/plants/sensor1', ... (85 bytes))
1779824899: Received PINGREQ from ESP32_PlantSensor
1779824899: Sending PINGRESP to ESP32_PlantSensor
1779824909: Received PUBLISH from ESP32_PlantSensor (d0, q0, r0, m0, '/home/plants/sensor1', ... (84 bytes))
1779824914: Received PINGREQ from ESP32_PlantSensor
1779824914: Sending PINGRESP to ESP32_PlantSensor
1779824919: Received PUBLISH from ESP32_PlantSensor (d0, q0, r0, m0, '/home/plants/sensor1', ... (84 bytes))
1779824930: Received PUBLISH from ESP32_PlantSensor (d0, q0, r0, m0, '/home/plants/sensor1', ... (85 bytes))
1779824930: Received PINGREQ from ESP32_PlantSensor
1779824930: Sending PINGRESP to ESP32_PlantSensor
1779824939: Received PUBLISH from ESP32_PlantSensor (d0, q0, r0, m0, '/home/plants/sensor1', ... (82 bytes))
1779824945: Received PINGREQ from ESP32_PlantSensor
1779824945: Sending PINGRESP to ESP32_PlantSensor
1779824949: Received PUBLISH from ESP32_PlantSensor (d0, q0, r0, m0, '/home/plants/sensor1', ... (85 bytes))
1779824959: Received PUBLISH from ESP32_PlantSensor (d0, q0, r0, m0, '/home/plants/sensor1', ... (85 bytes))
1779824960: Received PINGREQ from ESP32_PlantSensor
1779824960: Sending PINGRESP to ESP32_PlantSensor
1779824969: Received PUBLISH from ESP32_PlantSensor (d0, q0, r0, m0, '/home/plants/sensor1', ... (85 bytes))
1779824975: Received PINGREQ from ESP32_PlantSensor
1779824975: Sending PINGRESP to ESP32_PlantSensor
1779824979: Received PUBLISH from ESP32_PlantSensor (d0, q0, r0, m0, '/home/plants/sensor1', ... (84 bytes))
1779824980: mosquitto version 2.1.2 terminating
1779824980: Saving in-memory database to /mosquitto/data//mosquitto.db.
